// Jest Snapshot v1, https://goo.gl/fbAQLP

exports[`indexes on FKs in postgres (GH 1518) schema generator respect indexes on FKs on column update 1`] = `
"create table \`book\` (\`id\` integer not null primary key autoincrement, \`author1_id\` integer not null, \`author2_id\` integer not null, \`author3_id\` integer not null, \`author4_id\` integer not null, \`author5_id\` integer not null, constraint \`book_author1_id_foreign\` foreign key(\`author1_id\`) references \`author\`(\`id\`) on update cascade, constraint \`book_author2_id_foreign\` foreign key(\`author2_id\`) references \`author\`(\`id\`) on update cascade, constraint \`book_author3_id_foreign\` foreign key(\`author3_id\`) references \`author\`(\`id\`) on update cascade, constraint \`book_author4_id_foreign\` foreign key(\`author4_id\`) references \`author\`(\`id\`) on update cascade, constraint \`book_author5_id_foreign\` foreign key(\`author5_id\`) references \`author\`(\`id\`) on update cascade);
create index \`book_author1_id_index\` on \`book\` (\`author1_id\`);
create index \`book_author2_id_index\` on \`book\` (\`author2_id\`);
create index \`book_author3_id_index\` on \`book\` (\`author3_id\`);
create index \`book_author4_id_index\` on \`book\` (\`author4_id\`);
create index \`book_author5_id_index\` on \`book\` (\`author5_id\`);

"
`;

exports[`indexes on FKs in postgres (GH 1518) schema generator respect indexes on FKs on column update 2`] = `
"PRAGMA table_info(\`book\`);
PRAGMA table_info(\`book\`);
PRAGMA table_info(\`book\`);
PRAGMA table_info(\`book\`);
PRAGMA table_info(\`book\`);

"
`;

exports[`indexes on FKs in postgres (GH 1518) schema generator respect indexes on FKs on column update 3`] = `
"PRAGMA table_info(\`book\`);
PRAGMA table_info(\`book\`);
PRAGMA table_info(\`book\`);
PRAGMA table_info(\`book\`);
PRAGMA table_info(\`book\`);

create index \`lol41\` on \`book\` (\`author3_id\`);
create index \`lol31\` on \`book\` (\`author3_id\`);
drop index \`book_author5_id_index\`;
create index \`auth_idx5\` on \`book\` (\`author5_id\`);

"
`;

exports[`indexes on FKs in postgres (GH 1518) schema generator respect indexes on FKs on column update 4`] = `
"PRAGMA table_info(\`book\`);
PRAGMA table_info(\`book\`);
PRAGMA table_info(\`book\`);
PRAGMA table_info(\`book\`);
PRAGMA table_info(\`book\`);

drop index \`lol31\`;
drop index \`lol41\`;
create index \`lol42\` on \`book\` (\`author3_id\`);
create index \`lol32\` on \`book\` (\`author3_id\`);

"
`;
